// Jest Snapshot v1, https://goo.gl/fbAQLP

exports[`<LinkExpired /> should render link expired page 1`] = `
<Fragment>
  <main
    id="main"
  >
    <HeadlineContainer
      disableContent={true}
      headlineContent={null}
      headlineImage="ophYki_image2.png"
      headlineTitle="registration.expired.loginlink"
    />
    <div
      className="Content"
    >
      <backButton
        href="/"
      />
      <p>
        registration.expired.loginlink.info
      </p>
    </div>
  </main>
</Fragment>
`;
