// Jest Snapshot v1, https://goo.gl/fbAQLP

exports[`<RegistrationForm /> should render registration form 1`] = `
<ContextProvider
  value={
    Object {
      "store": Object {
        "@@observable": [Function],
        "dispatch": [Function],
        "getState": [Function],
        "replaceReducer": [Function],
        "subscribe": [Function],
      },
      "subscription": Object {
        "addNestedSub": [Function],
        "getListeners": [Function],
        "handleChangeWrapper": [Function],
        "isSubscribed": [Function],
        "notifyNestedSubs": [Function],
        "trySubscribe": [Function],
        "tryUnsubscribe": [Function],
      },
    }
  }
>
  <registrationForm
    i18n={
      Object {
        "lang": "fi",
      }
    }
    initData={
      Object {
        "exam_session": Object {
          "language_code": "eng",
        },
        "user": Object {
          "first_name": "Carl-Erik",
          "last_name": "Parkkonen-Testi",
          "nationalities": Array [
            "246",
          ],
          "nick_name": null,
          "post_office": "HELSINKI",
          "ssn": "260553-959D",
          "street_address": "AtelÃ¤niitynpolku 29 G",
          "zip": "00100",
        },
      }
    }
    onSubmitRegistrationForm={[MockFunction]}
    submitting={false}
    t={[Function]}
  />
</ContextProvider>
`;
