// Jest Snapshot v1, https://goo.gl/fbAQLP

exports[`<LoginLink /> should render login link page 1`] = `
<LoginLink
  examSessionId={1}
  t={[Function]}
>
  <Formik
    enableReinitialize={false}
    initialValues={
      Object {
        "email": "",
      }
    }
    isInitialValid={false}
    onSubmit={[Function]}
    validateOnBlur={true}
    validateOnChange={true}
    validationSchema={
      ObjectSchema {
        "_blacklist": RefSet {
          "list": Set {},
          "refs": Map {},
        },
        "_conditions": Array [],
        "_defaultDefault": [Function],
        "_deps": Array [],
        "_excludedEdges": Array [],
        "_exclusive": Object {},
        "_mutate": false,
        "_nodes": Array [
          "email",
        ],
        "_options": Object {
          "abortEarly": true,
          "recursive": true,
        },
        "_type": "object",
        "_typeError": [Function],
        "_whitelist": RefSet {
          "list": Set {},
          "refs": Map {},
        },
        "fields": Object {
          "email": StringSchema {
            "_blacklist": RefSet {
              "list": Set {},
              "refs": Map {},
            },
            "_conditions": Array [],
            "_deps": Array [],
            "_exclusive": Object {
              "required": false,
              "undefined": false,
            },
            "_mutate": false,
            "_options": Object {
              "abortEarly": true,
              "recursive": true,
            },
            "_type": "string",
            "_typeError": [Function],
            "_whitelist": RefSet {
              "list": Set {},
              "refs": Map {},
            },
            "tests": Array [
              [Function],
              [Function],
              [Function],
            ],
            "transforms": Array [
              [Function],
            ],
          },
        },
        "tests": Array [],
        "transforms": Array [
          [Function],
        ],
      }
    }
  >
    <Form
      className="Form"
    >
      <Component
        className="Form"
        formik={
          Object {
            "dirty": false,
            "errors": Object {},
            "handleBlur": [Function],
            "handleChange": [Function],
            "handleReset": [Function],
            "handleSubmit": [Function],
            "initialValues": Object {
              "email": "",
            },
            "isSubmitting": false,
            "isValid": false,
            "isValidating": false,
            "registerField": [Function],
            "resetForm": [Function],
            "setError": [Function],
            "setErrors": [Function],
            "setFieldError": [Function],
            "setFieldTouched": [Function],
            "setFieldValue": [Function],
            "setFormikState": [Function],
            "setStatus": [Function],
            "setSubmitting": [Function],
            "setTouched": [Function],
            "setValues": [Function],
            "submitCount": 0,
            "submitForm": [Function],
            "touched": Object {},
            "unregisterField": [Function],
            "validate": undefined,
            "validateField": [Function],
            "validateForm": [Function],
            "validateOnBlur": true,
            "validateOnChange": true,
            "validationSchema": ObjectSchema {
              "_blacklist": RefSet {
                "list": Set {},
                "refs": Map {},
              },
              "_conditions": Array [],
              "_defaultDefault": [Function],
              "_deps": Array [],
              "_excludedEdges": Array [],
              "_exclusive": Object {},
              "_mutate": false,
              "_nodes": Array [
                "email",
              ],
              "_options": Object {
                "abortEarly": true,
                "recursive": true,
              },
              "_type": "object",
              "_typeError": [Function],
              "_whitelist": RefSet {
                "list": Set {},
                "refs": Map {},
              },
              "fields": Object {
                "email": StringSchema {
                  "_blacklist": RefSet {
                    "list": Set {},
                    "refs": Map {},
                  },
                  "_conditions": Array [],
                  "_deps": Array [],
                  "_exclusive": Object {
                    "required": false,
                    "undefined": false,
                  },
                  "_mutate": false,
                  "_options": Object {
                    "abortEarly": true,
                    "recursive": true,
                  },
                  "_type": "string",
                  "_typeError": [Function],
                  "_whitelist": RefSet {
                    "list": Set {},
                    "refs": Map {},
                  },
                  "tests": Array [
                    [Function],
                    [Function],
                    [Function],
                  ],
                  "transforms": Array [
                    [Function],
                  ],
                },
              },
              "tests": Array [],
              "transforms": Array [
                [Function],
              ],
            },
            "values": Object {
              "email": "",
            },
          }
        }
      >
        <form
          className="Form"
          onReset={[Function]}
          onSubmit={[Function]}
        >
          <h3>
            registration.loginlink.header
          </h3>
          <div
            className="FormElement"
          >
            <FormikConnect(FieldInner)
              className="TextInput"
              name="email"
              type="email"
            >
              <FieldInner
                className="TextInput"
                formik={
                  Object {
                    "dirty": false,
                    "errors": Object {},
                    "handleBlur": [Function],
                    "handleChange": [Function],
                    "handleReset": [Function],
                    "handleSubmit": [Function],
                    "initialValues": Object {
                      "email": "",
                    },
                    "isSubmitting": false,
                    "isValid": false,
                    "isValidating": false,
                    "registerField": [Function],
                    "resetForm": [Function],
                    "setError": [Function],
                    "setErrors": [Function],
                    "setFieldError": [Function],
                    "setFieldTouched": [Function],
                    "setFieldValue": [Function],
                    "setFormikState": [Function],
                    "setStatus": [Function],
                    "setSubmitting": [Function],
                    "setTouched": [Function],
                    "setValues": [Function],
                    "submitCount": 0,
                    "submitForm": [Function],
                    "touched": Object {},
                    "unregisterField": [Function],
                    "validate": undefined,
                    "validateField": [Function],
                    "validateForm": [Function],
                    "validateOnBlur": true,
                    "validateOnChange": true,
                    "validationSchema": ObjectSchema {
                      "_blacklist": RefSet {
                        "list": Set {},
                        "refs": Map {},
                      },
                      "_conditions": Array [],
                      "_defaultDefault": [Function],
                      "_deps": Array [],
                      "_excludedEdges": Array [],
                      "_exclusive": Object {},
                      "_mutate": false,
                      "_nodes": Array [
                        "email",
                      ],
                      "_options": Object {
                        "abortEarly": true,
                        "recursive": true,
                      },
                      "_type": "object",
                      "_typeError": [Function],
                      "_whitelist": RefSet {
                        "list": Set {},
                        "refs": Map {},
                      },
                      "fields": Object {
                        "email": StringSchema {
                          "_blacklist": RefSet {
                            "list": Set {},
                            "refs": Map {},
                          },
                          "_conditions": Array [],
                          "_deps": Array [],
                          "_exclusive": Object {
                            "required": false,
                            "undefined": false,
                          },
                          "_mutate": false,
                          "_options": Object {
                            "abortEarly": true,
                            "recursive": true,
                          },
                          "_type": "string",
                          "_typeError": [Function],
                          "_whitelist": RefSet {
                            "list": Set {},
                            "refs": Map {},
                          },
                          "tests": Array [
                            [Function],
                            [Function],
                            [Function],
                          ],
                          "transforms": Array [
                            [Function],
                          ],
                        },
                      },
                      "tests": Array [],
                      "transforms": Array [
                        [Function],
                      ],
                    },
                    "values": Object {
                      "email": "",
                    },
                  }
                }
                name="email"
                type="email"
              >
                <input
                  className="TextInput"
                  name="email"
                  onBlur={[Function]}
                  onChange={[Function]}
                  type="email"
                  value=""
                />
              </FieldInner>
            </FormikConnect(FieldInner)>
            <FormikConnect(ErrorMessageImpl)
              component="span"
              name="email"
            >
              <ErrorMessageImpl
                component="span"
                formik={
                  Object {
                    "dirty": false,
                    "errors": Object {},
                    "handleBlur": [Function],
                    "handleChange": [Function],
                    "handleReset": [Function],
                    "handleSubmit": [Function],
                    "initialValues": Object {
                      "email": "",
                    },
                    "isSubmitting": false,
                    "isValid": false,
                    "isValidating": false,
                    "registerField": [Function],
                    "resetForm": [Function],
                    "setError": [Function],
                    "setErrors": [Function],
                    "setFieldError": [Function],
                    "setFieldTouched": [Function],
                    "setFieldValue": [Function],
                    "setFormikState": [Function],
                    "setStatus": [Function],
                    "setSubmitting": [Function],
                    "setTouched": [Function],
                    "setValues": [Function],
                    "submitCount": 0,
                    "submitForm": [Function],
                    "touched": Object {},
                    "unregisterField": [Function],
                    "validate": undefined,
                    "validateField": [Function],
                    "validateForm": [Function],
                    "validateOnBlur": true,
                    "validateOnChange": true,
                    "validationSchema": ObjectSchema {
                      "_blacklist": RefSet {
                        "list": Set {},
                        "refs": Map {},
                      },
                      "_conditions": Array [],
                      "_defaultDefault": [Function],
                      "_deps": Array [],
                      "_excludedEdges": Array [],
                      "_exclusive": Object {},
                      "_mutate": false,
                      "_nodes": Array [
                        "email",
                      ],
                      "_options": Object {
                        "abortEarly": true,
                        "recursive": true,
                      },
                      "_type": "object",
                      "_typeError": [Function],
                      "_whitelist": RefSet {
                        "list": Set {},
                        "refs": Map {},
                      },
                      "fields": Object {
                        "email": StringSchema {
                          "_blacklist": RefSet {
                            "list": Set {},
                            "refs": Map {},
                          },
                          "_conditions": Array [],
                          "_deps": Array [],
                          "_exclusive": Object {
                            "required": false,
                            "undefined": false,
                          },
                          "_mutate": false,
                          "_options": Object {
                            "abortEarly": true,
                            "recursive": true,
                          },
                          "_type": "string",
                          "_typeError": [Function],
                          "_whitelist": RefSet {
                            "list": Set {},
                            "refs": Map {},
                          },
                          "tests": Array [
                            [Function],
                            [Function],
                            [Function],
                          ],
                          "transforms": Array [
                            [Function],
                          ],
                        },
                      },
                      "tests": Array [],
                      "transforms": Array [
                        [Function],
                      ],
                    },
                    "values": Object {
                      "email": "",
                    },
                  }
                }
                name="email"
              />
            </FormikConnect(ErrorMessageImpl)>
          </div>
          <button
            disabled={true}
            isRegistration={true}
            type="submit"
          >
            <button
              className="ParticipantButton undefined"
              disabled={true}
              type="submit"
            >
              registration.loginlink.button
            </button>
          </button>
        </form>
      </Component>
    </Form>
  </Formik>
</LoginLink>
`;
