// Jest Snapshot v1, https://goo.gl/fbAQLP

exports[`<UpcomingExamSessions /> should render exam session rows 1`] = `
<div
  className="ExamSessionList"
>
  <h2>
    examSession.upcomingExamSessions
  </h2>
  <div
    className="Grid"
    data-cy="exam-sessions-table"
  >
    <h3>
      common.examDate
    </h3>
    <h3>
      common.language
    </h3>
    <h3>
      common.level
    </h3>
    <h3>
      common.registationPeriod
    </h3>
    <h3>
      examSession.participants
    </h3>
    <div
      className="Row"
      data-cy="exam-sessions-table-row-0"
      key="0"
      onClick={[Function]}
    >
      <p>
        30.12.2028
      </p>
      <p>
        englanti
      </p>
      <p>
        common.level.middle
      </p>
      <p>
        1.9.
        –
        15.12.2028
      </p>
      <p>
        50 / 50
      </p>
    </div>
    <div
      className="Row"
      data-cy="exam-sessions-table-row-1"
      key="1"
      onClick={[Function]}
    >
      <p>
        30.5.2028
      </p>
      <p>
        suomi
      </p>
      <p>
        common.level.basic
      </p>
      <p>
        1.3.
        –
        15.12.2025
      </p>
      <p>
        -
      </p>
    </div>
  </div>
</div>
`;
