// Jest Snapshot v1, https://goo.gl/fbAQLP

exports[`<ExamSessionDetails /> should render exam session details 1`] = `
<div
  data-cy="exam-session-details"
>
  <h2
    className="ExamSessionDetailsHeader"
  >
    Amiedu, Strömberginkuja 3
  </h2>
  <h2
    className="ExamSessionDetailsHeader"
  >
    examSession
    : 
    englanti - 
     
    30.12.2028
  </h2>
  <withI18nextTranslation(ExamSessionUpdateForm)
    examSession={
      Object {
        "language_code": "eng",
        "level_code": "KESKI",
        "location": Array [
          Object {
            "lang": "fi",
            "name": "Amiedu, Strömberginkuja 3",
          },
        ],
        "max_participants": 50,
        "participants": 2,
        "registration_end_date": "2028-12-15",
        "registration_start_date": "2018-09-01",
        "session_date": "2028-12-30",
      }
    }
    onDelete={[MockFunction]}
    onSubmit={[MockFunction]}
  />
  <ExamSessionPostAdmission
    examSession={
      Object {
        "language_code": "eng",
        "level_code": "KESKI",
        "location": Array [
          Object {
            "lang": "fi",
            "name": "Amiedu, Strömberginkuja 3",
          },
        ],
        "max_participants": 50,
        "participants": 2,
        "registration_end_date": "2028-12-15",
        "registration_start_date": "2018-09-01",
        "session_date": "2028-12-30",
      }
    }
  />
  <withI18nextTranslation(participantList)
    examSession={
      Object {
        "language_code": "eng",
        "level_code": "KESKI",
        "location": Array [
          Object {
            "lang": "fi",
            "name": "Amiedu, Strömberginkuja 3",
          },
        ],
        "max_participants": 50,
        "participants": 2,
        "registration_end_date": "2028-12-15",
        "registration_start_date": "2018-09-01",
        "session_date": "2028-12-30",
      }
    }
    onCancel={[MockFunction]}
    onRelocate={[MockFunction]}
    participants={Array []}
  />
</div>
`;
