// Jest Snapshot v1, https://goo.gl/fbAQLP

exports[`<ParticipantList /> should render participant rows 1`] = `
<div
  data-cy="participant-list"
>
  <h3>
    examSession.participants
    :
     
    2
     / 
    50
  </h3>
  <div
    className="ParticipantList"
  >
    <div
      className="ItemHeader Index StateItem"
      data-cy="participant-1"
    >
      1
      .
    </div>
    <div
      className="ItemHeader StateItem"
    >
      Wallis
       
      Michael
    </div>
    <div
      className="ItemHeader Status StateItem"
    >
      <img
        alt=""
        data-cy="registration-COMPLETED"
        src="checkmark-done.svg"
      />
       
      examSession.paid
    </div>
    <div
      className="StateItem"
    />
    <div
      className="StateItem"
    />
    <div
      className="FirstShowOnHover"
    >
      <ActionButton
        cancelText="examSession.registration.confirmPayment.cancel"
        confirmText="examSession.registration.confirmPayment.confirm"
        onClick={[Function]}
      />
    </div>
    <div
      className="Item"
    />
    <div
      className="Item"
    >
      011088-1234 
    </div>
    <div
      className="Item"
    >
      Revontulentie 13 C 2
       
      02100
      , 
      Espoo
    </div>
    <div
      className="Item"
    >
      +358 40 5131441
    </div>
    <div
      className="Item"
    >
       
      michael.wallis@test.com
    </div>
    <div
      className="ShowOnHover"
    >
      <ActionButton
        cancelText="examSession.registration.cancel.cancel"
        confirmText="examSession.registration.cancel.confirm"
        onClick={[Function]}
      >
        <img
          alt=""
          src="trashcan.svg"
        />
         
        examSession.registration.cancel
      </ActionButton>
    </div>
    <span
      className="Line"
    />
    <span
      className="LineEnd"
    />
    <div
      className="ItemHeader Index StateItem"
      data-cy="participant-2"
    >
      2
      .
    </div>
    <div
      className="ItemHeader StateItem"
    >
      Gaddens
       
      Natalia
    </div>
    <div
      className="ItemHeader Status StateItem"
    >
      <img
        alt=""
        data-cy="registration-SUBMITTED"
        src="checkmark-not-done.svg"
      />
       
      examSession.notPaid
    </div>
    <div
      className="StateItem"
    />
    <div
      className="StateItem"
    />
    <div
      className="FirstShowOnHover"
    >
      <ActionButton
        cancelText="examSession.registration.confirmPayment.cancel"
        confirmText="examSession.registration.confirmPayment.confirm"
        onClick={[Function]}
      >
        <img
          alt=""
          data-cy="confirm-payment-icon"
          src="checkmark-done.svg"
        />
         
        examSession.registration.confirmPayment
      </ActionButton>
    </div>
    <div
      className="Item"
    />
    <div
      className="Item"
    >
      011088-1234 
    </div>
    <div
      className="Item"
    >
      Revontulentie 13 C 2
       
      02100
      , 
      Espoo
    </div>
    <div
      className="Item"
    >
      +358 40 5131441
    </div>
    <div
      className="Item"
    >
       
      natalia.gaddens@test.com
    </div>
    <div
      className="ShowOnHover"
    >
      <ActionButton
        cancelText="examSession.registration.cancel.cancel"
        confirmText="examSession.registration.cancel.confirm"
        onClick={[Function]}
      >
        <img
          alt=""
          src="trashcan.svg"
        />
         
        examSession.registration.cancel
      </ActionButton>
    </div>
    <span
      className="Line"
    />
    <span
      className="LineEnd"
    />
  </div>
</div>
`;
