// Jest Snapshot v1, https://goo.gl/fbAQLP

exports[`<UpcomingAndPastExamSessions /> should render exam session rows 1`] = `
<Fragment>
  <div>
    <h2>
      examSession.upcomingExamSessions
    </h2>
    <div
      className="Grid"
      data-cy="upcoming-exam-sessions-table"
    >
      <h3>
        common.examDate
      </h3>
      <h3>
        common.language
      </h3>
      <h3>
        common.level
      </h3>
      <h3
        className="DesktopOnly"
      >
        common.registrationPeriod
      </h3>
      <h3>
        examSession.participants
      </h3>
      <div
        className="Row"
        data-cy="upcoming-exam-sessions-table-row-0"
        key="0"
        onClick={[Function]}
      >
        <p>
          30.12.2028
        </p>
        <p>
          englanti
        </p>
        <p>
          common.level.middle
        </p>
        <p
          className="DesktopOnly"
        >
          1.9.
          –
          15.12.2028
        </p>
        <p>
          50 / 50
        </p>
      </div>
      <div
        className="Row"
        data-cy="upcoming-exam-sessions-table-row-1"
        key="1"
        onClick={[Function]}
      >
        <p>
          30.5.2028
        </p>
        <p>
          suomi
        </p>
        <p>
          common.level.basic
        </p>
        <p
          className="DesktopOnly"
        >
          1.3.
          –
          15.12.2025
        </p>
        <p>
          -
        </p>
      </div>
    </div>
  </div>
  <div>
    <h2>
      examSession.pastExamSessions
    </h2>
    <p>
      examSession.noPastSessions
    </p>
  </div>
</Fragment>
`;
