// Jest Snapshot v1, https://goo.gl/fbAQLP

exports[`<ExamSessionUpdateForm /> should render form 1`] = `
<form
  class="Form"
>
  <div>
    <div
      class="FormElement"
    >
      <h3>
        common.registationPeriod
      </h3>
      <label>
        1.9. â€“ 15.12.2028
      </label>
    </div>
    <div
      class="FormElement"
    >
      <h3>
        examSession.maxParticipants *
      </h3>
      <input
        class="MaxParticipantsInput"
        data-cy="input-max-participants"
        id="maxParticipants"
        name="maxParticipants"
        value="50"
      />
    </div>
    <div
      class="FormElement"
    >
      <h3>
        common.address *
      </h3>
      <input
        class="TextInput"
        data-cy="input-address"
        id="address"
        name="address"
        value="Jokukatu 4, 00100 Tammerfors"
      />
    </div>
    <div
      class="FormElement"
    >
      <h3>
        common.location
      </h3>
      <input
        class="TextInput"
        data-cy="input-location"
        id="location"
        name="location"
        value="auditorio A2"
      />
    </div>
  </div>
  <div>
    <div>
      <div
        class="FormElement"
      >
        <h3>
          common.extra
        </h3>
        <label
          class="ExtraLabel"
        >
          common.language.fin
        </label>
        <textarea
          class="TextArea"
          cols="33"
          data-cy="input-extra-fi"
          id="extraFi"
          maxlength="2048"
          name="extraFi"
          rows="3"
          wrap="soft"
        />
      </div>
      <div
        class="FormElement"
      >
        <label
          class="ExtraLabel"
        >
          common.language.swe
        </label>
        <textarea
          class="TextArea"
          cols="33"
          data-cy="input-extra-sv"
          id="extraSv"
          maxlength="2048"
          name="extraSv"
          rows="3"
          wrap="soft"
        />
      </div>
      <div
        class="FormElement"
      >
        <label
          class="ExtraLabel"
        >
          common.language.eng
        </label>
        <textarea
          class="TextArea"
          cols="33"
          data-cy="input-extra-en"
          id="extraEn"
          maxlength="2048"
          name="extraEn"
          rows="3"
          wrap="soft"
        />
      </div>
    </div>
    <div
      class="Buttons"
    >
      <div
        class="ActionButton"
      >
        <button
          class="Action"
          data-cy="button-action"
          type="button"
        >
          examSession.delete
        </button>
      </div>
      <button
        class="Button undefined"
        disabled=""
        type="submit"
      >
        registryItem.button.update
      </button>
    </div>
  </div>
</form>
`;
